// Jest Snapshot v1, https://goo.gl/fbAQLP

exports[`Carousel specs should shallow render as expected 1`] = `
ShallowWrapper {
  "length": 1,
  Symbol(enzyme.__root__): [Circular],
  Symbol(enzyme.__unrendered__): <Carousel
    title="this is test title"
  />,
  Symbol(enzyme.__renderer__): Object {
    "batchedUpdates": [Function],
    "getNode": [Function],
    "render": [Function],
    "simulateEvent": [Function],
    "unmount": [Function],
  },
  Symbol(enzyme.__node__): Object {
    "instance": null,
    "key": undefined,
    "nodeType": "host",
    "props": Object {
      "children": Array [
        " Testing components Carousel blue!! ",
        "this is test title",
        " ",
      ],
      "className": undefined,
    },
    "ref": null,
    "rendered": Array [
      " Testing components Carousel blue!! ",
      "this is test title",
      " ",
    ],
    "type": "div",
  },
  Symbol(enzyme.__nodes__): Array [
    Object {
      "instance": null,
      "key": undefined,
      "nodeType": "host",
      "props": Object {
        "children": Array [
          " Testing components Carousel blue!! ",
          "this is test title",
          " ",
        ],
        "className": undefined,
      },
      "ref": null,
      "rendered": Array [
        " Testing components Carousel blue!! ",
        "this is test title",
        " ",
      ],
      "type": "div",
    },
  ],
  Symbol(enzyme.__options__): Object {
    "adapter": ReactSixteenAdapter {
      "options": Object {
        "enableComponentDidUpdateOnSetState": true,
      },
    },
  },
}
`;
